test_corrupted_blob_fails_sanitized (test_credential_store.CredentialTests.test_corrupted_blob_fails_sanitized) ... ok
test_current_user_roundtrip (test_credential_store.CredentialTests.test_current_user_roundtrip) ... ok
test_account_credit_numbers_and_cash_scope_fail_closed (test_download_databento_pilot.PilotTests.test_account_credit_numbers_and_cash_scope_fail_closed) ... ok
test_combined_cost_storage_and_schema_windows_cannot_be_overridden (test_download_databento_pilot.PilotTests.test_combined_cost_storage_and_schema_windows_cannot_be_overridden) ... ok
test_definition_success_has_durable_network_ledger_before_single_post (test_download_databento_pilot.PilotTests.test_definition_success_has_durable_network_ledger_before_single_post) ... ok
test_disk_guard_before_request_and_during_body (test_download_databento_pilot.PilotTests.test_disk_guard_before_request_and_during_body) ... ok
test_existing_attempt_partial_or_final_prevents_credential_and_retry (test_download_databento_pilot.PilotTests.test_existing_attempt_partial_or_final_prevents_credential_and_retry) ... ok
test_interrupted_request_leaves_network_started_receipt (test_download_databento_pilot.PilotTests.test_interrupted_request_leaves_network_started_receipt) ... ok
test_market_data_requires_bound_definition_proof (test_download_databento_pilot.PilotTests.test_market_data_requires_bound_definition_proof) ... ok
test_negative_or_mixed_quote_prior_attempt_is_not_a_credit_discount (test_download_databento_pilot.PilotTests.test_negative_or_mixed_quote_prior_attempt_is_not_a_credit_discount) ... ok
test_oversize_declared_or_streamed_body_never_becomes_final (test_download_databento_pilot.PilotTests.test_oversize_declared_or_streamed_body_never_becomes_final) ... ok
test_plan_hash_and_missing_validation_check_fail_before_credential (test_download_databento_pilot.PilotTests.test_plan_hash_and_missing_validation_check_fail_before_credential) ... ok
test_quote_cost_numeric_totals_and_cap_fail_closed (test_download_databento_pilot.PilotTests.test_quote_cost_numeric_totals_and_cap_fail_closed) ... ok
test_quote_file_and_request_tampering_fail_before_credential (test_download_databento_pilot.PilotTests.test_quote_file_and_request_tampering_fail_before_credential) ... ok
test_stale_future_naive_or_invalid_evidence_fails_before_credential (test_download_databento_pilot.PilotTests.test_stale_future_naive_or_invalid_evidence_fails_before_credential) ... ok
test_transport_exception_preserves_attempt_and_does_not_leak_or_retry (test_download_databento_pilot.PilotTests.test_transport_exception_preserves_attempt_and_does_not_leak_or_retry) ... ok
test_truncated_http_or_dbn_metadata_does_not_become_complete (test_download_databento_pilot.PilotTests.test_truncated_http_or_dbn_metadata_does_not_become_complete) ... ok
test_warning_and_http_failures_keep_cost_reserved_and_never_retry (test_download_databento_pilot.PilotTests.test_warning_and_http_failures_keep_cost_reserved_and_never_retry) ... ok
test_wrong_encoding_and_header_leave_only_incomplete_attempt (test_download_databento_pilot.PilotTests.test_wrong_encoding_and_header_leave_only_incomplete_attempt) ... ok
test_exact_fixed_pre_result_scope_and_definition_first (test_download_development.AcquisitionTests.test_exact_fixed_pre_result_scope_and_definition_first) ... ok
test_no_nonfinite_cost_or_expanded_request (test_download_development.AcquisitionTests.test_no_nonfinite_cost_or_expanded_request) ... ok
test_unknown_missing_reordered_or_corrupt_counts_fail (test_download_development.AcquisitionTests.test_unknown_missing_reordered_or_corrupt_counts_fail) ... ok
test_redirect_warning_short_and_oversized_bodies_remain_reserved (test_download_development.TransferTests.test_redirect_warning_short_and_oversized_bodies_remain_reserved) ... ok
test_single_attempt_reserved_before_post_and_no_retry_after_success (test_download_development.TransferTests.test_single_attempt_reserved_before_post_and_no_retry_after_success) ... ok
test_buy_sell_prices_quantity_commission_and_native_accounting (test_native_execution_probe.NativeExecutionTests.test_buy_sell_prices_quantity_commission_and_native_accounting) ... ok
test_equal_receive_timestamp_keeps_first_quote_not_later_price (test_native_execution_probe.NativeExecutionTests.test_equal_receive_timestamp_keeps_first_quote_not_later_price) ... ok
test_fixed_submitted_quantity_differs_from_reference_fill_sizing (test_native_execution_probe.NativeExecutionTests.test_fixed_submitted_quantity_differs_from_reference_fill_sizing) ... ok
test_invalid_book_raises_instead_of_empty_book_native_fallback (test_native_execution_probe.NativeExecutionTests.test_invalid_book_raises_instead_of_empty_book_native_fallback) ... ok
test_lifecycle_submitted_precedes_filled_at_equal_time (test_native_execution_probe.NativeExecutionTests.test_lifecycle_submitted_precedes_filled_at_equal_time) ... ok
test_native_forced_flat_clock_and_deadline_fail_closed (test_native_execution_probe.NativeExecutionTests.test_native_forced_flat_clock_and_deadline_fail_closed) ... ok
test_native_latency_is_not_fresh_quote_latency (test_native_execution_probe.NativeExecutionTests.test_native_latency_is_not_fresh_quote_latency) ... ok
test_pinned_actual_definition_and_all_frozen_costs (test_native_execution_probe.NativeExecutionTests.test_pinned_actual_definition_and_all_frozen_costs) ... ok
test_raw_native_defaults_are_explicit_counterexamples (test_native_execution_probe.NativeExecutionTests.test_raw_native_defaults_are_explicit_counterexamples) ... ok
test_repeat_is_deterministic_and_input_order_is_checked (test_native_execution_probe.NativeExecutionTests.test_repeat_is_deterministic_and_input_order_is_checked) ... ok
test_slippage_model_rejects_unbound_costs_and_oversize (test_native_execution_probe.NativeExecutionTests.test_slippage_model_rejects_unbound_costs_and_oversize) ... ok
test_stop_gap_uses_quote_not_trigger_and_standing_stop_has_different_latency (test_native_execution_probe.NativeExecutionTests.test_stop_gap_uses_quote_not_trigger_and_standing_stop_has_different_latency) ... ok
test_chrome_declared_windows1252_is_strictly_decoded (test_parse_ff_calendar.MonthTests.test_chrome_declared_windows1252_is_strictly_decoded) ... ok
test_complete_month_epochs_empty_days_and_privacy (test_parse_ff_calendar.MonthTests.test_complete_month_epochs_empty_days_and_privacy) ... ok
test_duplicates_and_disagreement_fail (test_parse_ff_calendar.MonthTests.test_duplicates_and_disagreement_fail) ... ok
test_exact_epoch_day_checked (test_parse_ff_calendar.MonthTests.test_exact_epoch_day_checked) ... ok
test_max35_days_and_challenge_fail (test_parse_ff_calendar.MonthTests.test_max35_days_and_challenge_fail) ... ok
test_reject_filtered (test_parse_ff_calendar.MonthTests.test_reject_filtered) ... ok
test_untimed_high_excludes_session_without_fabricating_time (test_parse_ff_calendar.MonthTests.test_untimed_high_excludes_session_without_fabricating_time) ... ok
test_wrong_month_and_missing_day_fail (test_parse_ff_calendar.MonthTests.test_wrong_month_and_missing_day_fail) ... ok
test_arm_cap_cannot_be_widened_by_existing_config (test_preregister.FuturesPreregistrationTests.test_arm_cap_cannot_be_widened_by_existing_config) ... ok
test_continuous_or_cfd_signal_identity_is_rejected (test_preregister.FuturesPreregistrationTests.test_continuous_or_cfd_signal_identity_is_rejected) ... ok
test_contract_candidates_are_raw_quarterlies (test_preregister.FuturesPreregistrationTests.test_contract_candidates_are_raw_quarterlies) ... ok
test_emitted_plan_uses_hash_stable_lf_bytes (test_preregister.FuturesPreregistrationTests.test_emitted_plan_uses_hash_stable_lf_bytes) ... ok
test_frozen_task_config_is_valid_and_bounded (test_preregister.FuturesPreregistrationTests.test_frozen_task_config_is_valid_and_bounded) ... ok
test_holdout_cannot_begin_before_freeze (test_preregister.FuturesPreregistrationTests.test_holdout_cannot_begin_before_freeze) ... ok
test_mini_signal_and_micro_fill_identities_remain_distinct (test_preregister.FuturesPreregistrationTests.test_mini_signal_and_micro_fill_identities_remain_distinct) ... ok
test_news_staleness_guard_cannot_exceed_336_hours (test_preregister.FuturesPreregistrationTests.test_news_staleness_guard_cannot_exceed_336_hours) ... ok
test_percent_risk_is_rejected (test_preregister.FuturesPreregistrationTests.test_percent_risk_is_rejected) ... ok
test_plan_expansion_is_deterministic_and_contains_no_results (test_preregister.FuturesPreregistrationTests.test_plan_expansion_is_deterministic_and_contains_no_results) ... ok
test_prior_negative_cfd_rows_are_retained_without_promotion (test_preregister.FuturesPreregistrationTests.test_prior_negative_cfd_rows_are_retained_without_promotion) ... ok
test_qm_hypothesis_is_explicit_and_mechanically_complete (test_preregister.FuturesPreregistrationTests.test_qm_hypothesis_is_explicit_and_mechanically_complete) ... ok
test_committed_profiles_are_structurally_valid_and_non_deployable (test_prop_profile.PropProfileTests.test_committed_profiles_are_structurally_valid_and_non_deployable) ... ok
test_source_binding_must_resolve_to_declared_official_source (test_prop_profile.PropProfileTests.test_source_binding_must_resolve_to_declared_official_source) ... ok
test_unknown_cannot_be_silently_rewritten_as_null (test_prop_profile.PropProfileTests.test_unknown_cannot_be_silently_rewritten_as_null) ... ok
test_unresolved_profile_cannot_be_marked_deployable (test_prop_profile.PropProfileTests.test_unresolved_profile_cannot_be_marked_deployable) ... ok
test_big_day_cannot_pass_consistency (test_prop_risk.PropRiskTests.test_big_day_cannot_pass_consistency) ... ok
test_consistency_and_real_trading_days (test_prop_risk.PropRiskTests.test_consistency_and_real_trading_days) ... ok
test_eod_floor_carries_into_next_session_and_caps (test_prop_risk.PropRiskTests.test_eod_floor_carries_into_next_session_and_caps) ... ok
test_exact_floor_hit_is_sticky_after_recovery (test_prop_risk.PropRiskTests.test_exact_floor_hit_is_sticky_after_recovery) ... ok
test_flat_or_unsorted_or_nonfinite_input_rejected (test_prop_risk.PropRiskTests.test_flat_or_unsorted_or_nonfinite_input_rejected) ... ok
test_intraday_trail_fails_where_eod_trail_survives (test_prop_risk.PropRiskTests.test_intraday_trail_fails_where_eod_trail_survives) ... ok
test_mffu_conservative_cashflow_does_not_claim_eligibility (test_prop_risk.PropRiskTests.test_mffu_conservative_cashflow_does_not_claim_eligibility) ... ok
test_micro_contract_sizing_counts_costs_and_can_skip (test_prop_risk.PropRiskTests.test_micro_contract_sizing_counts_costs_and_can_skip) ... ok
test_missing_close_and_naive_time_rejected (test_prop_risk.PropRiskTests.test_missing_close_and_naive_time_rejected) ... ok
test_payout_is_cashflow_and_never_resets_floor (test_prop_risk.PropRiskTests.test_payout_is_cashflow_and_never_resets_floor) ... ok
test_payout_rule_cannot_reduce_an_existing_floor (test_prop_risk.PropRiskTests.test_payout_rule_cannot_reduce_an_existing_floor) ... ok
test_source_bound_consistency_boundaries (test_prop_risk.PropRiskTests.test_source_bound_consistency_boundaries) ... ok
test_tradeify_first_request_floor_lock_is_not_hidden (test_prop_risk.PropRiskTests.test_tradeify_first_request_floor_lock_is_not_hidden) ... ok
test_tradeify_winning_day_threshold_is_inclusive_and_session_bounded (test_prop_risk.PropRiskTests.test_tradeify_winning_day_threshold_is_inclusive_and_session_bounded) ... ok
test_truthy_values_cannot_inflate_trading_days (test_prop_risk.PropRiskTests.test_truthy_values_cannot_inflate_trading_days) ... ok
test_cli_persists_sanitized_quote_and_refuses_overwrite (test_quote_databento.CLITests.test_cli_persists_sanitized_quote_and_refuses_overwrite) ... ok
test_missing_credential_is_sanitized_before_transport_creation (test_quote_databento.CLITests.test_missing_credential_is_sanitized_before_transport_creation) ... ok
test_complete_quote_stays_quote_only_and_hash_is_stable (test_quote_databento.QuoteTests.test_complete_quote_stays_quote_only_and_hash_is_stable) ... ok
test_contiguous_same_id_and_midnight_exclusive_dates (test_quote_databento.QuoteTests.test_contiguous_same_id_and_midnight_exclusive_dates) ... ok
test_counts_and_bytes_require_nonnegative_integer_not_bool_or_float (test_quote_databento.QuoteTests.test_counts_and_bytes_require_nonnegative_integer_not_bool_or_float) ... ok
test_definition_snapshot_window_matches_every_method_and_receipt (test_quote_databento.QuoteTests.test_definition_snapshot_window_matches_every_method_and_receipt) ... ok
test_invalid_scope_is_rejected_without_any_transport_calls (test_quote_databento.QuoteTests.test_invalid_scope_is_rejected_without_any_transport_calls) ... ok
test_no_definition_schema_means_no_snapshot_request (test_quote_databento.QuoteTests.test_no_definition_schema_means_no_snapshot_request) ... ok
test_partial_unresolved_and_malformed_symbols_stop_before_quotes (test_quote_databento.QuoteTests.test_partial_unresolved_and_malformed_symbols_stop_before_quotes) ... ok
test_request_cash_bytes_and_disk_reserve_caps (test_quote_databento.QuoteTests.test_request_cash_bytes_and_disk_reserve_caps) ... ok
test_request_hash_binds_schema_windows_including_blocked_quotes (test_quote_databento.QuoteTests.test_request_hash_binds_schema_windows_including_blocked_quotes) ... ok
test_resolution_date_gaps_or_id_switch_block (test_quote_databento.QuoteTests.test_resolution_date_gaps_or_id_switch_block) ... ok
test_seven_day_trade_cap_allows_only_definition_snapshot_context (test_quote_databento.QuoteTests.test_seven_day_trade_cap_allows_only_definition_snapshot_context) ... ok
test_snapshot_floor_uses_utc_date_and_preserves_midnight_and_end (test_quote_databento.QuoteTests.test_snapshot_floor_uses_utc_date_and_preserves_midnight_and_end) ... ok
test_transport_failures_are_sanitized_and_never_totalled (test_quote_databento.QuoteTests.test_transport_failures_are_sanitized_and_never_totalled) ... ok
test_unknown_negative_nonfinite_and_nonnumeric_quotes_block (test_quote_databento.QuoteTests.test_unknown_negative_nonfinite_and_nonnumeric_quotes_block) ... ok
test_valid_zero_cost_not_rejected_but_empty_data_is_flagged (test_quote_databento.QuoteTests.test_valid_zero_cost_not_rejected_but_empty_data_is_flagged) ... ok
test_warnings_block_each_schema_and_incomplete_metadata_triple (test_quote_databento.QuoteTests.test_warnings_block_each_schema_and_incomplete_metadata_triple) ... ok
test_wider_definition_quote_still_counts_against_cost_and_byte_caps (test_quote_databento.QuoteTests.test_wider_definition_quote_still_counts_against_cost_and_byte_caps) ... ok
test_disallowed_endpoints_do_not_open_connection (test_quote_databento.TransportTests.test_disallowed_endpoints_do_not_open_connection) ... ok
test_fixed_host_post_form_and_basic_auth_never_in_url (test_quote_databento.TransportTests.test_fixed_host_post_form_and_basic_auth_never_in_url) ... ok
test_redirect_and_partial_http_never_follow_or_read_body (test_quote_databento.TransportTests.test_redirect_and_partial_http_never_follow_or_read_body) ... ok
test_snapshot_warning_is_not_suppressed_even_for_definition (test_quote_databento.TransportTests.test_snapshot_warning_is_not_suppressed_even_for_definition) ... ok
test_warning_wrong_type_bad_json_never_expose_response (test_quote_databento.TransportTests.test_warning_wrong_type_bad_json_never_expose_response) ... ok
test_bad_time_snapshot_and_book_flags_block_even_good_looking_bbo (test_replay_adapter.ReplayTests.test_bad_time_snapshot_and_book_flags_block_even_good_looking_bbo) ... ok
test_bool_limits_identity_and_order_regressions_rejected (test_replay_adapter.ReplayTests.test_bool_limits_identity_and_order_regressions_rejected) ... ok
test_equal_time_equity_peak_breach_recovery_is_forwarded_to_actual_risk (test_replay_adapter.ReplayTests.test_equal_time_equity_peak_breach_recovery_is_forwarded_to_actual_risk) ... ok
test_invalid_bbo_clears_previous_valid_quote_for_signal_and_execution (test_replay_adapter.ReplayTests.test_invalid_bbo_clears_previous_valid_quote_for_signal_and_execution) ... ok
test_invalid_trade_cannot_enter_signal_input_via_good_bbo (test_replay_adapter.ReplayTests.test_invalid_trade_cannot_enter_signal_input_via_good_bbo) ... ok
test_last_is_not_required_and_book_gap_has_no_silent_recovery (test_replay_adapter.ReplayTests.test_last_is_not_required_and_book_gap_has_no_silent_recovery) ... ok
test_merge_tie_is_explicit_not_a_hidden_global_transport_order (test_replay_adapter.ReplayTests.test_merge_tie_is_explicit_not_a_hidden_global_transport_order) ... ok
test_raw_adapter_native_parity_for_bound_first_1000_pilot_records (test_replay_adapter.ReplayTests.test_raw_adapter_native_parity_for_bound_first_1000_pilot_records) ... ok
test_raw_source_equal_times_and_cross_chunk_order_are_retained (test_replay_adapter.ReplayTests.test_raw_source_equal_times_and_cross_chunk_order_are_retained) ... ok
test_same_market_event_accounting_phases_keep_fee_extreme_without_jitter (test_replay_adapter.ReplayTests.test_same_market_event_accounting_phases_keep_fee_extreme_without_jitter) ... ok
test_side_correct_prices_size_and_latency_do_not_manufacture_fills (test_replay_adapter.ReplayTests.test_side_correct_prices_size_and_latency_do_not_manufacture_fills) ... ok
test_source_hash_truncation_and_receive_clock_regressions_fail (test_replay_adapter.ReplayTests.test_source_hash_truncation_and_receive_clock_regressions_fail) ... ok
test_staleness_and_no_future_or_outside_window_execution (test_replay_adapter.ReplayTests.test_staleness_and_no_future_or_outside_window_execution) ... ok
test_trading_flags_require_continuous_action_and_explicit_Y (test_replay_adapter.ReplayTests.test_trading_flags_require_continuous_action_and_explicit_Y) ... ok
test_unknown_nontrading_and_reopen_require_new_quote (test_replay_adapter.ReplayTests.test_unknown_nontrading_and_reopen_require_new_quote) ... ok
test_csv_preserves_nanoseconds_and_optional_event_ordinals (test_risk_event_order.EventOrderTests.test_csv_preserves_nanoseconds_and_optional_event_ordinals) ... ok
test_empty_generator_and_invalid_ordinal_rejected (test_risk_event_order.EventOrderTests.test_empty_generator_and_invalid_ordinal_rejected) ... ok
test_equal_time_breach_survives_recovery_in_bounded_stream (test_risk_event_order.EventOrderTests.test_equal_time_breach_survives_recovery_in_bounded_stream) ... ok
test_lossy_unordered_equal_time_and_regression_rejected (test_risk_event_order.EventOrderTests.test_lossy_unordered_equal_time_and_regression_rejected) ... ok
test_nanoseconds_are_not_rounded_into_equal_times (test_risk_event_order.EventOrderTests.test_nanoseconds_are_not_rounded_into_equal_times) ... ok
test_timezone_equivalence_and_precision_limit (test_risk_event_order.EventOrderTests.test_timezone_equivalence_and_precision_limit) ... ok
test_completed_bar_available_only_after_receipt_and_preserves_ties (test_strategy_runner.BarTests.test_completed_bar_available_only_after_receipt_and_preserves_ties) ... ok
test_delayed_monotonic_trades_finalize_only_on_later_exchange_minute (test_strategy_runner.BarTests.test_delayed_monotonic_trades_finalize_only_on_later_exchange_minute) ... ok
test_late_trade_is_not_repaired_using_future_knowledge (test_strategy_runner.BarTests.test_late_trade_is_not_repaired_using_future_knowledge) ... ok
test_quality_flags_and_crossed_signal_trade_fail_closed (test_strategy_runner.BarTests.test_quality_flags_and_crossed_signal_trade_fail_closed) ... ok
test_quote_receive_boundary_cannot_finalize_exchange_trade_bar (test_strategy_runner.BarTests.test_quote_receive_boundary_cannot_finalize_exchange_trade_bar) ... ok
test_unresolved_source_order_and_future_timestamp_rejected (test_strategy_runner.BarTests.test_unresolved_source_order_and_future_timestamp_rejected) ... ok
test_all_three_cost_scenarios_and_reference_label (test_strategy_runner.ExecutionTests.test_all_three_cost_scenarios_and_reference_label) ... ok
test_blackout_never_reads_events_or_bars (test_strategy_runner.ExecutionTests.test_blackout_never_reads_events_or_bars) ... ok
test_buy_side_costs_flat_latency_and_no_frozen_claim (test_strategy_runner.ExecutionTests.test_buy_side_costs_flat_latency_and_no_frozen_claim) ... ok
test_empty_status_only_and_truncated_fill_stream_invalid (test_strategy_runner.ExecutionTests.test_empty_status_only_and_truncated_fill_stream_invalid) ... ok
test_insufficient_size_not_silently_reduced (test_strategy_runner.ExecutionTests.test_insufficient_size_not_silently_reduced) ... ok
test_marked_drawdown_breach_stays_after_recovery (test_strategy_runner.ExecutionTests.test_marked_drawdown_breach_stays_after_recovery) ... ok
test_missing_flat_quote_invalid_not_zero_profit (test_strategy_runner.ExecutionTests.test_missing_flat_quote_invalid_not_zero_profit) ... ok
test_no_signal_retained_and_missing_minutes_invalid (test_strategy_runner.ExecutionTests.test_no_signal_retained_and_missing_minutes_invalid) ... ok
test_short_uses_bid_entry_ask_exit (test_strategy_runner.ExecutionTests.test_short_uses_bid_entry_ask_exit) ... ok
test_stop_gap_uses_later_quote_not_stop_level (test_strategy_runner.ExecutionTests.test_stop_gap_uses_later_quote_not_stop_level) ... ok
test_config_mutation_and_nonfrozen_arms_rejected (test_strategy_runner.FrozenTests.test_config_mutation_and_nonfrozen_arms_rejected) ... ok
test_dst_and_frozen_calendar_roll (test_strategy_runner.FrozenTests.test_dst_and_frozen_calendar_roll) ... ok
test_embargo_blocks_only_prospective_holdout (test_strategy_runner.FrozenTests.test_embargo_blocks_only_prospective_holdout) ... ok
test_file_hash_pin_rejects_even_reformatted_input (test_strategy_runner.FrozenTests.test_file_hash_pin_rejects_even_reformatted_input) ... ok
test_fixed_cost_sizing_boundaries (test_strategy_runner.FrozenTests.test_fixed_cost_sizing_boundaries) ... ok
test_mini_signal_uses_micro_stop (test_strategy_runner.FrozenTests.test_mini_signal_uses_micro_stop) ... ok
test_missing_minutes_and_wrong_symbols_are_invalid (test_strategy_runner.FrozenTests.test_missing_minutes_and_wrong_symbols_are_invalid) ... ok
test_mnq_transfer_keeps_distinct_signal_root (test_strategy_runner.FrozenTests.test_mnq_transfer_keeps_distinct_signal_root) ... ok
test_news_missing_stale_boundary_and_nfp (test_strategy_runner.FrozenTests.test_news_missing_stale_boundary_and_nfp) ... ok
test_orb_strict_close_and_one_attempt (test_strategy_runner.FrozenTests.test_orb_strict_close_and_one_attempt) ... ok
test_plan_all_cells_and_development_not_future_blocked (test_strategy_runner.FrozenTests.test_plan_all_cells_and_development_not_future_blocked) ... ok
test_reversion_both_sides_consumes_attempt (test_strategy_runner.FrozenTests.test_reversion_both_sides_consumes_attempt) ... ok
test_reversion_confirmation_on_fifteenth_bar_is_allowed (test_strategy_runner.FrozenTests.test_reversion_confirmation_on_fifteenth_bar_is_allowed) ... ok
test_reversion_four_ticks_same_bar_confirmation_and_two_tick_stop (test_strategy_runner.FrozenTests.test_reversion_four_ticks_same_bar_confirmation_and_two_tick_stop) ... ok
test_reversion_timeout_includes_excursion_bar_no_reset (test_strategy_runner.FrozenTests.test_reversion_timeout_includes_excursion_bar_no_reset) ... ok
test_roll_and_stage_no_economic_selection (test_strategy_runner.FrozenTests.test_roll_and_stage_no_economic_selection) ... ok
test_carry_keeps_actual_balance_high_watermark_and_sticky_halt (test_strategy_runner.HarnessTests.test_carry_keeps_actual_balance_high_watermark_and_sticky_halt) ... ok
test_cash_cache_preserves_ordinals_and_refuses_changed_source (test_strategy_runner.HarnessTests.test_cash_cache_preserves_ordinals_and_refuses_changed_source) ... {"status": "CASH_CACHE_VERIFIED", "symbol": "ESM9", "schema": "trades", "all_source_records_hashed": 4, "retained": {"2019-06-06": 2}}
ok
test_exclusive_plan_receipt_never_overwrites (test_strategy_runner.HarnessTests.test_exclusive_plan_receipt_never_overwrites) ... ok
test_fixed_scope_is_180_not_90_rows (test_strategy_runner.HarnessTests.test_fixed_scope_is_180_not_90_rows) ... ok
test_invalid_account_cannot_resume (test_strategy_runner.HarnessTests.test_invalid_account_cannot_resume) ... ok
test_actual_official_fixture_and_native_quote_decode_check_wire_offsets (test_validate_databento_pilot.ValidatorTests.test_actual_official_fixture_and_native_quote_decode_check_wire_offsets)
Existing hash-pinned official ES fixture; no downloaded MES evidence. ... ok
test_contract_economics_identity_and_lifetime_are_not_overridden (test_validate_databento_pilot.ValidatorTests.test_contract_economics_identity_and_lifetime_are_not_overridden) ... ok
test_cross_chunk_equal_timestamps_are_retained_backsteps_reported (test_validate_databento_pilot.ValidatorTests.test_cross_chunk_equal_timestamps_are_retained_backsteps_reported) ... ok
test_definition_proof_is_available_before_market_files_and_exactly_bound (test_validate_databento_pilot.ValidatorTests.test_definition_proof_is_available_before_market_files_and_exactly_bound) ... ok
test_false_or_incomplete_or_wrong_quote_receipt_never_passes (test_validate_databento_pilot.ValidatorTests.test_false_or_incomplete_or_wrong_quote_receipt_never_passes) ... ok
test_full_scan_uses_no_quote_or_status_object_list (test_validate_databento_pilot.ValidatorTests.test_full_scan_uses_no_quote_or_status_object_list) ... ok
test_malformed_header_framing_identity_and_count_are_blocked (test_validate_databento_pilot.ValidatorTests.test_malformed_header_framing_identity_and_count_are_blocked) ... ok
test_missing_crossed_locked_offtick_and_out_of_window_are_explicit (test_validate_databento_pilot.ValidatorTests.test_missing_crossed_locked_offtick_and_out_of_window_are_explicit) ... ok
test_modified_quote_hash_unknown_and_duplicate_schema_fail (test_validate_databento_pilot.ValidatorTests.test_modified_quote_hash_unknown_and_duplicate_schema_fail) ... ok
test_part_file_never_substitutes_for_complete_dbn (test_validate_databento_pilot.ValidatorTests.test_part_file_never_substitutes_for_complete_dbn) ... ok
test_reconciliation_checks_day_framing_and_metadata_even_with_test_hashes_rebound (test_validate_databento_pilot.ValidatorTests.test_reconciliation_checks_day_framing_and_metadata_even_with_test_hashes_rebound) ... ok
test_reconciliation_checks_raw_order_not_only_counts_and_prices (test_validate_databento_pilot.ValidatorTests.test_reconciliation_checks_raw_order_not_only_counts_and_prices) ... ok
test_reconciliation_rehashing_changed_day_does_not_bypass_pins (test_validate_databento_pilot.ValidatorTests.test_reconciliation_rehashing_changed_day_does_not_bypass_pins) ... ok
test_reconciliation_requires_optional_proof_and_preserves_original_quote (test_validate_databento_pilot.ValidatorTests.test_reconciliation_requires_optional_proof_and_preserves_original_quote) ... ok
test_reconciliation_tampered_proof_counts_flags_paths_and_windows_fail_closed (test_validate_databento_pilot.ValidatorTests.test_reconciliation_tampered_proof_counts_flags_paths_and_windows_fail_closed) ... ok
test_status_fields_are_not_discarded (test_validate_databento_pilot.ValidatorTests.test_status_fields_are_not_discarded) ... ok
test_synthetic_self_consistent_proof_cannot_bypass_production_exact_file_pins (test_validate_databento_pilot.ValidatorTests.test_synthetic_self_consistent_proof_cannot_bypass_production_exact_file_pins) ... ok
test_total_file_bytes_cannot_mask_status_record_count_discrepancy (test_validate_databento_pilot.ValidatorTests.test_total_file_bytes_cannot_mask_status_record_count_discrepancy) ... ok
test_actual_wire_valid_scan_passes (test_validate_development.FullScanGuards.test_actual_wire_valid_scan_passes) ... ok
test_correct_record_body_with_wrong_header_schema_or_version_rejected (test_validate_development.FullScanGuards.test_correct_record_body_with_wrong_header_schema_or_version_rejected) ... ok
test_zero_and_undefined_wire_receive_times_cannot_pass_window_test (test_validate_development.FullScanGuards.test_zero_and_undefined_wire_receive_times_cannot_pass_window_test) ... ok

----------------------------------------------------------------------
Ran 178 tests in 9.595s

OK
